Found eas-cli in your project dependencies.
It's recommended to use the "cli.version" field in eas.json to enforce the eas-cli version for your project.
Learn more: https://github.com/expo/eas-cli#enforcing-eas-cli-version-for-your-project


⚠️ Detected that your app uses Expo Go for development, this is not recommended when building production apps.
Learn more: https://expo.fyi/why-not-build-expo-go-for-production
To suppress this warning, set EAS_BUILD_NO_EXPO_GO_WARNING=true.

Resolved "production" environment for the build. Learn more: https://docs.expo.dev/eas/environment-variables/#setting-the-environment-for-your-builds
Environment variables with visibility "Plain text" and "Sensitive" loaded from the "production" environment on EAS: EXPO_PUBLIC_CLERK_PUBLISHABLE_KEY.

- Incrementing buildNumber from 23 to 24.
✔ Incremented buildNumber from 23 to 24.


ios.buildNumber field in app config is ignored when version source is set to remote, but this value will still be in the manifest available via expo-constants. It's recommended to remove this value from app config.
✔ Using remote iOS credentials (Expo server)

Distribution Certificate is not validated for non-interactive builds.
Skipping Provisioning Profile validation on Apple Servers because we aren't authenticated.

Project Credentials Configuration

Project                   @alpha_jrr/alpha-visual-artists
Bundle Identifier         com.alphavisualartists.app
                          
App Store Configuration   
                          
Distribution Certificate  
Serial Number             53E7BC9F731D49C714480B2C0EF1D37E
Expiration Date           Thu, 27 May 2027 14:16:09 CDT
Apple Team                TAPP492WQA (Joshua Roberts (Individual))
Updated                   1 day ago
                          
Provisioning Profile      
Developer Portal ID       J4ZWN77JTT
Status                    active
Expiration                Thu, 27 May 2027 14:16:09 CDT
Apple Team                TAPP492WQA (Joshua Roberts (Individual))
Updated                   1 day ago
                          
All credentials are ready to build @alpha_jrr/alpha-visual-artists (com.alphavisualartists.app)


Compressing project files and uploading to EAS Build. Learn more: https://expo.fyi/eas-build-archive
- Compressing project files
- Uploading to EAS Build (0 / 107 MB)
✔ Uploaded to EAS 5m 6s
- Computing project fingerprint
✔ Computed project fingerprint

See logs: https://expo.dev/accounts/alpha_jrr/projects/alpha-visual-artists/builds/c147928a-b4a8-442d-847d-ab642ae6ce00

Looking up credentials configuration for com.alphavisualartists.app...
✔ App Store Connect API Key already set up.
Using Api Key ID: 2522D574W7 ([Expo] EAS Submit y-qhwrvJHW)

ASC App ID:                 6770791997
Project ID:                 39911e65-82a6-47ca-af2b-3769a15817df
App Store Connect API Key:  
    Key Name  :  [Expo] EAS Submit y-qhwrvJHW
    Key ID    :  2522D574W7
    Key Source:  EAS servers
Build:                      
    Build ID    :  c147928a-b4a8-442d-847d-ab642ae6ce00
    Build Date  :  5/28/2026, 7:33:18 PM
    App Version :  1.0.0
    Build number:  24

- Scheduling iOS submission
✔ Scheduled iOS submission

Submission details: https://expo.dev/accounts/alpha_jrr/projects/alpha-visual-artists/submissions/cd5c79a7-0d25-417a-89fb-09e193402487

Waiting for build to complete. You can press Ctrl+C to exit.
- Waiting for build to complete.
✔ Build finished

🍏 iOS app:
https://expo.dev/artifacts/eas/pShxtmRZFg6Ch2BGdqvqXA.ipa

Waiting for submission to complete. You can press Ctrl+C to exit.
- Submitting
✔ Submitted your app to Apple App Store Connect!

Your binary has been successfully uploaded to App Store Connect!
- It is now being processed by Apple - you will receive an email when the processing finishes.
- It usually takes about 5-10 minutes depending on how busy Apple servers are.
- When it's done, you can see your build here: https://appstoreconnect.apple.com/apps/6770791997/testflight/ios
