Found eas-cli in your project dependencies.
It's recommended to use the "cli.version" field in eas.json to enforce the eas-cli version for your project.
Learn more: https://github.com/expo/eas-cli#enforcing-eas-cli-version-for-your-project


⚠️ Detected that your app uses Expo Go for development, this is not recommended when building production apps.
Learn more: https://expo.fyi/why-not-build-expo-go-for-production
To suppress this warning, set EAS_BUILD_NO_EXPO_GO_WARNING=true.

Resolved "production" environment for the build. Learn more: https://docs.expo.dev/eas/environment-variables/#setting-the-environment-for-your-builds
Environment variables with visibility "Plain text" and "Sensitive" loaded from the "production" environment on EAS: EXPO_PUBLIC_CLERK_PUBLISHABLE_KEY.

- Incrementing buildNumber from 8 to 9.
✔ Incremented buildNumber from 8 to 9.


ios.buildNumber field in app config is ignored when version source is set to remote, but this value will still be in the manifest available via expo-constants. It's recommended to remove this value from app config.
✔ Using remote iOS credentials (Expo server)

Distribution Certificate is not validated for non-interactive builds.
Skipping Provisioning Profile validation on Apple Servers because we aren't authenticated.

Project Credentials Configuration

Project                   @alpha_jrr/alpha-visual-artists
Bundle Identifier         com.alphavisualartists.app
                          
App Store Configuration   
                          
Distribution Certificate  
Serial Number             53E7BC9F731D49C714480B2C0EF1D37E
Expiration Date           Thu, 27 May 2027 14:16:09 CDT
Apple Team                TAPP492WQA (Joshua Roberts (Individual))
Updated                   1 day ago
                          
Provisioning Profile      
Developer Portal ID       J4ZWN77JTT
Status                    active
Expiration                Thu, 27 May 2027 14:16:09 CDT
Apple Team                TAPP492WQA (Joshua Roberts (Individual))
Updated                   1 day ago
                          
All credentials are ready to build @alpha_jrr/alpha-visual-artists (com.alphavisualartists.app)


Compressing project files and uploading to EAS Build. Learn more: https://expo.fyi/eas-build-archive
- Compressing project files
Your project archive is 871 MB. You can reduce its size and the time it takes to upload by excluding files that are unnecessary for the build process in .easignore file. Learn more: https://expo.fyi/eas-build-archive
- Uploading to EAS Build (0 / 871 MB)
